// Jest Snapshot v1, https://goo.gl/fbAQLP

exports[`MeetingList component should render without issues 1`] = `
<div
  className="rce-container-mtlist"
/>
`;
